{"level":"info","message":"CompressCrmController instantiated","timestamp":"2026-08-20T08:20:27.839Z"}
{"level":"info","message":"CompressCrmController instantiated","timestamp":"2026-08-20T08:23:44.461Z"}
{"level":"info","message":"CompressCrmController instantiated","timestamp":"2026-08-20T08:39:32.453Z"}
{"level":"info","message":"CompressCrmController instantiated","timestamp":"2026-08-20T08:43:59.843Z"}
{"level":"info","message":"CompressCrmController instantiated","timestamp":"2026-08-20T08:44:46.043Z"}
{"level":"info","message":"Token blacklisted: eyJhbGciOiJIUzI1NiIsInR5cCI6IkpXVCJ9.eyJ1c2VySWQiOiIxMjBkMmQ2Ny02NTM1LTQwMDgtOTQ0MS1iZmU3ZGNiZjk0ZmUiLCJzZWNyZXRLZXkiOiJONUNWT01EV0tSQ0VHT1JGT0pJU0daM1hJRldGSVQzNSIsImlhdCI6MTc4NzIxMjA0NSwiZXhwIjoxNzg3Mjk4NDQ1fQ.OsOt_-LgvQSjpMdlBrfJolFyAVrz-YXwj9xpicYimaY","timestamp":"2026-08-20T08:46:36.500Z"}
{"level":"info","message":"Token blacklisted: eyJhbGciOiJIUzI1NiIsInR5cCI6IkpXVCJ9.eyJzeXN0ZW1fdXNlcl9pZCI6ImQ2YmYxZGQ1LTU3NzUtNDk2Yi04ZTFhLWQ0ZDY4MzQyOTY4MyIsImVtYWlsIjoid2FzaXF1ZWtoYW45MEBnbWFpbC5jb20iLCJpYXQiOjE3ODcyMTU2NzIsImV4cCI6MTc4NzI1ODg3Mn0.lEgEiYOeZpWhGKPTkz7U_YESPvEKmVqbjNYDGcW9L94","timestamp":"2026-08-20T08:50:39.628Z"}
{"level":"info","message":"Token blacklisted: eyJhbGciOiJIUzI1NiIsInR5cCI6IkpXVCJ9.eyJzeXN0ZW1fdXNlcl9pZCI6ImQ2YmYxZGQ1LTU3NzUtNDk2Yi04ZTFhLWQ0ZDY4MzQyOTY4MyIsImVtYWlsIjoid2FzaXF1ZWtoYW45MEBnbWFpbC5jb20iLCJpYXQiOjE3ODcyMTY4ODYsImV4cCI6MTc4NzI2MDA4Nn0.b3Ru52fcrj82__5YtoeW6CaRSF0X7s9w1EDyA46aAWk","timestamp":"2026-08-20T09:10:23.469Z"}
{"level":"info","message":"CompressCrmController instantiated","timestamp":"2026-08-20T09:27:25.269Z"}
{"level":"info","message":"Token blacklisted: eyJhbGciOiJIUzI1NiIsInR5cCI6IkpXVCJ9.eyJzeXN0ZW1fdXNlcl9pZCI6ImQ2YmYxZGQ1LTU3NzUtNDk2Yi04ZTFhLWQ0ZDY4MzQyOTY4MyIsImVtYWlsIjoid2FzaXF1ZWtoYW45MEBnbWFpbC5jb20iLCJpYXQiOjE3ODcyMTcwNTAsImV4cCI6MTc4NzI2MDI1MH0.XCxwLNs3c2Q2JGRuPYAozqmPMAwdQGpbKMmwRHhTKd0","timestamp":"2026-08-20T09:30:17.755Z"}
{"level":"info","message":"CompressCrmController instantiated","timestamp":"2026-08-20T09:36:30.017Z"}
{"level":"info","message":"CompressCrmController instantiated","timestamp":"2026-08-20T09:37:15.088Z"}
{"level":"info","message":"CompressCrmController instantiated","timestamp":"2026-08-20T10:11:16.052Z"}
{"level":"info","message":"CompressCrmController instantiated","timestamp":"2026-08-20T10:26:16.156Z"}
{"level":"info","message":"CompressCrmController instantiated","timestamp":"2026-08-20T10:31:09.968Z"}
{"level":"info","message":"CompressCrmController instantiated","timestamp":"2026-08-20T11:46:52.127Z"}
{"level":"info","message":"CompressCrmController instantiated","timestamp":"2026-08-20T11:49:03.328Z"}
{"level":"info","message":"CompressCrmController instantiated","timestamp":"2026-08-20T11:49:29.524Z"}
{"level":"info","message":"CompressCrmController instantiated","timestamp":"2026-08-20T11:49:53.576Z"}
{"level":"info","message":"CompressCrmController instantiated","timestamp":"2026-08-20T11:51:19.762Z"}
{"level":"info","message":"CompressCrmController instantiated","timestamp":"2026-08-20T12:01:31.761Z"}
{"level":"info","message":"CompressCrmController instantiated","timestamp":"2026-08-20T12:01:31.772Z"}
{"level":"info","message":"CompressCrmController instantiated","timestamp":"2026-08-20T12:02:20.905Z"}
{"level":"info","message":"CompressCrmController instantiated","timestamp":"2026-08-20T12:02:20.933Z"}
{"level":"info","message":"CompressCrmController instantiated","timestamp":"2026-08-20T12:04:06.708Z"}
{"level":"info","message":"CompressCrmController instantiated","timestamp":"2026-08-20T12:04:06.762Z"}
{"level":"info","message":"CompressCrmController instantiated","timestamp":"2026-08-20T12:18:16.405Z"}
{"level":"info","message":"CompressCrmController instantiated","timestamp":"2026-08-20T12:21:18.455Z"}
{"level":"info","message":"CompressCrmController instantiated","timestamp":"2026-08-20T12:21:38.982Z"}
{"level":"info","message":"CompressCrmController instantiated","timestamp":"2026-08-20T12:24:40.689Z"}
{"level":"info","message":"CompressCrmController instantiated","timestamp":"2026-08-20T12:39:05.860Z"}
{"level":"info","message":"CompressCrmController instantiated","timestamp":"2026-08-20T13:19:31.551Z"}
{"level":"info","message":"CompressCrmController instantiated","timestamp":"2026-08-20T13:31:12.147Z"}
{"level":"info","message":"CompressCrmController instantiated","timestamp":"2026-08-20T13:44:08.013Z"}
{"level":"info","message":"CompressCrmController instantiated","timestamp":"2026-08-20T13:58:29.741Z"}
{"level":"info","message":"CompressCrmController instantiated","timestamp":"2026-08-20T14:59:52.656Z"}
{"level":"info","message":"CompressCrmController instantiated","timestamp":"2026-08-20T15:05:04.880Z"}
{"level":"info","message":"CompressCrmController instantiated","timestamp":"2026-08-20T15:08:51.288Z"}
{"level":"info","message":"CompressCrmController instantiated","timestamp":"2026-08-20T15:09:44.695Z"}
{"level":"info","message":"CompressCrmController instantiated","timestamp":"2026-08-20T15:26:35.663Z"}
{"level":"info","message":"CompressCrmController instantiated","timestamp":"2026-08-20T15:34:23.225Z"}
{"level":"info","message":"CompressCrmController instantiated","timestamp":"2026-08-20T15:55:11.072Z"}
{"level":"info","message":"CompressCrmController instantiated","timestamp":"2026-08-20T15:56:19.508Z"}
{"level":"info","message":"CompressCrmController instantiated","timestamp":"2026-08-20T16:05:45.502Z"}
{"level":"info","message":"CompressCrmController instantiated","timestamp":"2026-08-20T16:24:56.122Z"}
{"level":"info","message":"CompressCrmController instantiated","timestamp":"2026-08-20T16:25:06.082Z"}
